../../Middlewares/ST/touchgfx/framework/include/touchgfx/Screen.hpp:104:18:virtual void touchgfx::Screen::afterTransition()	0	static
../../Middlewares/ST/touchgfx/framework/include/touchgfx/Screen.hpp:154:18:virtual void touchgfx::Screen::handleKeyEvent(uint8_t)	0	static
../../TouchGFX/generated/gui_generated/include/gui_generated/screen2_screen/Screen2ViewBase.hpp:28:18:virtual void Screen2ViewBase::tickCountEvent1()	0	static
C:/TouchGFXProjects/Flappy_Bird_Game/TouchGFX/gui/src/screen2_screen/Screen2View.cpp:55:6:virtual void Screen2View::tearDownScreen()	8	static
../../TouchGFX/gui/include/gui/screen2_screen/Screen2View.hpp:11:13:Screen2View::~Screen2View()	8	static
../../TouchGFX/gui/include/gui/screen2_screen/Screen2View.hpp:11:13:virtual Screen2View::~Screen2View()	8	static
C:/TouchGFXProjects/Flappy_Bird_Game/TouchGFX/gui/src/screen2_screen/Screen2View.cpp:31:1:Screen2View::Screen2View()	8	static
C:/TouchGFXProjects/Flappy_Bird_Game/TouchGFX/gui/src/screen2_screen/Screen2View.cpp:63:6:void Screen2View::scoringFunct()	16	static
C:/TouchGFXProjects/Flappy_Bird_Game/TouchGFX/gui/src/screen2_screen/Screen2View.cpp:36:6:virtual void Screen2View::setupScreen()	8	static
C:/TouchGFXProjects/Flappy_Bird_Game/TouchGFX/gui/src/screen2_screen/Screen2View.cpp:86:6:virtual void Screen2View::handleTickEvent()	32	static
